Archive member included to satisfy reference by file (symbol)

c:/st/stm32cubeide_1.3.0/stm32cubeide/plugins/com.st.stm32cube.ide.mcu.externaltools.gnu-tools-for-stm32.7-2018-q2-update.win32_1.0.0.201904181610/tools/bin/../lib/gcc/arm-none-eabi/7.3.1/../../../../arm-none-eabi/lib/thumb/v7e-m/fpv4-sp/hard\libc_nano.a(lib_a-errno.o)
                              Core/Src/syscalls.o (__errno)
c:/st/stm32cubeide_1.3.0/stm32cubeide/plugins/com.st.stm32cube.ide.mcu.externaltools.gnu-tools-for-stm32.7-2018-q2-update.win32_1.0.0.201904181610/tools/bin/../lib/gcc/arm-none-eabi/7.3.1/../../../../arm-none-eabi/lib/thumb/v7e-m/fpv4-sp/hard\libc_nano.a(lib_a-exit.o)
                              c:/st/stm32cubeide_1.3.0/stm32cubeide/plugins/com.st.stm32cube.ide.mcu.externaltools.gnu-tools-for-stm32.7-2018-q2-update.win32_1.0.0.201904181610/tools/bin/../lib/gcc/arm-none-eabi/7.3.1/../../../../arm-none-eabi/lib/thumb/v7e-m/fpv4-sp/hard/crt0.o (exit)
c:/st/stm32cubeide_1.3.0/stm32cubeide/plugins/com.st.stm32cube.ide.mcu.externaltools.gnu-tools-for-stm32.7-2018-q2-update.win32_1.0.0.201904181610/tools/bin/../lib/gcc/arm-none-eabi/7.3.1/../../../../arm-none-eabi/lib/thumb/v7e-m/fpv4-sp/hard\libc_nano.a(lib_a-impure.o)
                              c:/st/stm32cubeide_1.3.0/stm32cubeide/plugins/com.st.stm32cube.ide.mcu.externaltools.gnu-tools-for-stm32.7-2018-q2-update.win32_1.0.0.201904181610/tools/bin/../lib/gcc/arm-none-eabi/7.3.1/../../../../arm-none-eabi/lib/thumb/v7e-m/fpv4-sp/hard\libc_nano.a(lib_a-exit.o) (_global_impure_ptr)
c:/st/stm32cubeide_1.3.0/stm32cubeide/plugins/com.st.stm32cube.ide.mcu.externaltools.gnu-tools-for-stm32.7-2018-q2-update.win32_1.0.0.201904181610/tools/bin/../lib/gcc/arm-none-eabi/7.3.1/../../../../arm-none-eabi/lib/thumb/v7e-m/fpv4-sp/hard\libc_nano.a(lib_a-init.o)
                              c:/st/stm32cubeide_1.3.0/stm32cubeide/plugins/com.st.stm32cube.ide.mcu.externaltools.gnu-tools-for-stm32.7-2018-q2-update.win32_1.0.0.201904181610/tools/bin/../lib/gcc/arm-none-eabi/7.3.1/../../../../arm-none-eabi/lib/thumb/v7e-m/fpv4-sp/hard/crt0.o (__libc_init_array)
c:/st/stm32cubeide_1.3.0/stm32cubeide/plugins/com.st.stm32cube.ide.mcu.externaltools.gnu-tools-for-stm32.7-2018-q2-update.win32_1.0.0.201904181610/tools/bin/../lib/gcc/arm-none-eabi/7.3.1/../../../../arm-none-eabi/lib/thumb/v7e-m/fpv4-sp/hard\libc_nano.a(lib_a-memset.o)
                              c:/st/stm32cubeide_1.3.0/stm32cubeide/plugins/com.st.stm32cube.ide.mcu.externaltools.gnu-tools-for-stm32.7-2018-q2-update.win32_1.0.0.201904181610/tools/bin/../lib/gcc/arm-none-eabi/7.3.1/../../../../arm-none-eabi/lib/thumb/v7e-m/fpv4-sp/hard/crt0.o (memset)
c:/st/stm32cubeide_1.3.0/stm32cubeide/plugins/com.st.stm32cube.ide.mcu.externaltools.gnu-tools-for-stm32.7-2018-q2-update.win32_1.0.0.201904181610/tools/bin/../lib/gcc/arm-none-eabi/7.3.1/thumb/v7e-m/fpv4-sp/hard\libgcc.a(_aeabi_ldivmod.o)
                              Drivers/STM32F4xx_HAL_Driver/Src/stm32f4xx_hal_rcc.o (__aeabi_ldivmod)
c:/st/stm32cubeide_1.3.0/stm32cubeide/plugins/com.st.stm32cube.ide.mcu.externaltools.gnu-tools-for-stm32.7-2018-q2-update.win32_1.0.0.201904181610/tools/bin/../lib/gcc/arm-none-eabi/7.3.1/thumb/v7e-m/fpv4-sp/hard\libgcc.a(_aeabi_uldivmod.o)
                              Drivers/STM32F4xx_HAL_Driver/Src/stm32f4xx_hal_rcc.o (__aeabi_uldivmod)
c:/st/stm32cubeide_1.3.0/stm32cubeide/plugins/com.st.stm32cube.ide.mcu.externaltools.gnu-tools-for-stm32.7-2018-q2-update.win32_1.0.0.201904181610/tools/bin/../lib/gcc/arm-none-eabi/7.3.1/thumb/v7e-m/fpv4-sp/hard\libgcc.a(_udivmoddi4.o)
                              c:/st/stm32cubeide_1.3.0/stm32cubeide/plugins/com.st.stm32cube.ide.mcu.externaltools.gnu-tools-for-stm32.7-2018-q2-update.win32_1.0.0.201904181610/tools/bin/../lib/gcc/arm-none-eabi/7.3.1/thumb/v7e-m/fpv4-sp/hard\libgcc.a(_aeabi_ldivmod.o) (__udivmoddi4)
c:/st/stm32cubeide_1.3.0/stm32cubeide/plugins/com.st.stm32cube.ide.mcu.externaltools.gnu-tools-for-stm32.7-2018-q2-update.win32_1.0.0.201904181610/tools/bin/../lib/gcc/arm-none-eabi/7.3.1/thumb/v7e-m/fpv4-sp/hard\libgcc.a(_dvmd_tls.o)
                              c:/st/stm32cubeide_1.3.0/stm32cubeide/plugins/com.st.stm32cube.ide.mcu.externaltools.gnu-tools-for-stm32.7-2018-q2-update.win32_1.0.0.201904181610/tools/bin/../lib/gcc/arm-none-eabi/7.3.1/thumb/v7e-m/fpv4-sp/hard\libgcc.a(_aeabi_ldivmod.o) (__aeabi_ldiv0)

Allocating common symbols
Common symbol       size              file

stepperMotors       0x24              Core/Src/main.o
htim4               0x40              Core/Src/main.o
uartBuffRX          0xd0              Core/Src/main.o
uwTick              0x4               Drivers/STM32F4xx_HAL_Driver/Src/stm32f4xx_hal.o
pFlash              0x20              Drivers/STM32F4xx_HAL_Driver/Src/stm32f4xx_hal_flash.o
htim3               0x40              Core/Src/main.o
huart1              0x40              Core/Src/main.o
stepMotorCommand    0x4c8             Core/Src/main.o
[...]
Memory Configuration

Name             Origin             Length             Attributes
RAM              0x0000000020000000 0x0000000000020000 xrw
FLASH            0x0000000008000000 0x0000000000080000 xr
*default*        0x0000000000000000 0xffffffffffffffff

Linker script and memory map

LOAD c:/st/stm32cubeide_1.3.0/stm32cubeide/plugins/com.st.stm32cube.ide.mcu.externaltools.gnu-tools-for-stm32.7-2018-q2-update.win32_1.0.0.201904181610/tools/bin/../lib/gcc/arm-none-eabi/7.3.1/thumb/v7e-m/fpv4-sp/hard/crti.o
LOAD c:/st/stm32cubeide_1.3.0/stm32cubeide/plugins/com.st.stm32cube.ide.mcu.externaltools.gnu-tools-for-stm32.7-2018-q2-update.win32_1.0.0.201904181610/tools/bin/../lib/gcc/arm-none-eabi/7.3.1/thumb/v7e-m/fpv4-sp/hard/crtbegin.o
LOAD c:/st/stm32cubeide_1.3.0/stm32cubeide/plugins/com.st.stm32cube.ide.mcu.externaltools.gnu-tools-for-stm32.7-2018-q2-update.win32_1.0.0.201904181610/tools/bin/../lib/gcc/arm-none-eabi/7.3.1/../../../../arm-none-eabi/lib/thumb/v7e-m/fpv4-sp/hard/crt0.o
LOAD Core/Src/main.o
LOAD Core/Src/stepperMotor.o
LOAD Core/Src/stm32f4xx_hal_msp.o
LOAD Core/Src/stm32f4xx_it.o
LOAD Core/Src/syscalls.o
LOAD Core/Src/sysmem.o
LOAD Core/Src/system_stm32f4xx.o
LOAD Core/Src/uartDriver.o
LOAD Core/Startup/startup_stm32f411vetx.o
LOAD Drivers/STM32F4xx_HAL_Driver/Src/stm32f4xx_hal.o
LOAD Drivers/STM32F4xx_HAL_Driver/Src/stm32f4xx_hal_cortex.o
LOAD Drivers/STM32F4xx_HAL_Driver/Src/stm32f4xx_hal_dma.o
LOAD Drivers/STM32F4xx_HAL_Driver/Src/stm32f4xx_hal_dma_ex.o
LOAD Drivers/STM32F4xx_HAL_Driver/Src/stm32f4xx_hal_exti.o
LOAD Drivers/STM32F4xx_HAL_Driver/Src/stm32f4xx_hal_flash.o
LOAD Drivers/STM32F4xx_HAL_Driver/Src/stm32f4xx_hal_flash_ex.o
LOAD Drivers/STM32F4xx_HAL_Driver/Src/stm32f4xx_hal_flash_ramfunc.o
LOAD Drivers/STM32F4xx_HAL_Driver/Src/stm32f4xx_hal_gpio.o
LOAD Drivers/STM32F4xx_HAL_Driver/Src/stm32f4xx_hal_pwr.o
LOAD Drivers/STM32F4xx_HAL_Driver/Src/stm32f4xx_hal_pwr_ex.o
LOAD Drivers/STM32F4xx_HAL_Driver/Src/stm32f4xx_hal_rcc.o
LOAD Drivers/STM32F4xx_HAL_Driver/Src/stm32f4xx_hal_rcc_ex.o
LOAD Drivers/STM32F4xx_HAL_Driver/Src/stm32f4xx_hal_tim.o
LOAD Drivers/STM32F4xx_HAL_Driver/Src/stm32f4xx_hal_tim_ex.o
LOAD Drivers/STM32F4xx_HAL_Driver/Src/stm32f4xx_hal_uart.o
START GROUP
LOAD c:/st/stm32cubeide_1.3.0/stm32cubeide/plugins/com.st.stm32cube.ide.mcu.externaltools.gnu-tools-for-stm32.7-2018-q2-update.win32_1.0.0.201904181610/tools/bin/../lib/gcc/arm-none-eabi/7.3.1/../../../../arm-none-eabi/lib/thumb/v7e-m/fpv4-sp/hard\libc_nano.a
LOAD c:/st/stm32cubeide_1.3.0/stm32cubeide/plugins/com.st.stm32cube.ide.mcu.externaltools.gnu-tools-for-stm32.7-2018-q2-update.win32_1.0.0.201904181610/tools/bin/../lib/gcc/arm-none-eabi/7.3.1/../../../../arm-none-eabi/lib/thumb/v7e-m/fpv4-sp/hard\libm.a
END GROUP
START GROUP
LOAD c:/st/stm32cubeide_1.3.0/stm32cubeide/plugins/com.st.stm32cube.ide.mcu.externaltools.gnu-tools-for-stm32.7-2018-q2-update.win32_1.0.0.201904181610/tools/bin/../lib/gcc/arm-none-eabi/7.3.1/thumb/v7e-m/fpv4-sp/hard\libgcc.a
LOAD c:/st/stm32cubeide_1.3.0/stm32cubeide/plugins/com.st.stm32cube.ide.mcu.externaltools.gnu-tools-for-stm32.7-2018-q2-update.win32_1.0.0.201904181610/tools/bin/../lib/gcc/arm-none-eabi/7.3.1/../../../../arm-none-eabi/lib/thumb/v7e-m/fpv4-sp/hard\libc_nano.a
END GROUP
START GROUP
LOAD c:/st/stm32cubeide_1.3.0/stm32cubeide/plugins/com.st.stm32cube.ide.mcu.externaltools.gnu-tools-for-stm32.7-2018-q2-update.win32_1.0.0.201904181610/tools/bin/../lib/gcc/arm-none-eabi/7.3.1/thumb/v7e-m/fpv4-sp/hard\libgcc.a
LOAD c:/st/stm32cubeide_1.3.0/stm32cubeide/plugins/com.st.stm32cube.ide.mcu.externaltools.gnu-tools-for-stm32.7-2018-q2-update.win32_1.0.0.201904181610/tools/bin/../lib/gcc/arm-none-eabi/7.3.1/../../../../arm-none-eabi/lib/thumb/v7e-m/fpv4-sp/hard\libc_nano.a
LOAD c:/st/stm32cubeide_1.3.0/stm32cubeide/plugins/com.st.stm32cube.ide.mcu.externaltools.gnu-tools-for-stm32.7-2018-q2-update.win32_1.0.0.201904181610/tools/bin/../lib/gcc/arm-none-eabi/7.3.1/../../../../arm-none-eabi/lib/thumb/v7e-m/fpv4-sp/hard\libnosys.a
END GROUP
START GROUP
LOAD c:/st/stm32cubeide_1.3.0/stm32cubeide/plugins/com.st.stm32cube.ide.mcu.externaltools.gnu-tools-for-stm32.7-2018-q2-update.win32_1.0.0.201904181610/tools/bin/../lib/gcc/arm-none-eabi/7.3.1/thumb/v7e-m/fpv4-sp/hard\libgcc.a
LOAD c:/st/stm32cubeide_1.3.0/stm32cubeide/plugins/com.st.stm32cube.ide.mcu.externaltools.gnu-tools-for-stm32.7-2018-q2-update.win32_1.0.0.201904181610/tools/bin/../lib/gcc/arm-none-eabi/7.3.1/../../../../arm-none-eabi/lib/thumb/v7e-m/fpv4-sp/hard\libc_nano.a
LOAD c:/st/stm32cubeide_1.3.0/stm32cubeide/plugins/com.st.stm32cube.ide.mcu.externaltools.gnu-tools-for-stm32.7-2018-q2-update.win32_1.0.0.201904181610/tools/bin/../lib/gcc/arm-none-eabi/7.3.1/../../../../arm-none-eabi/lib/thumb/v7e-m/fpv4-sp/hard\libnosys.a
END GROUP
LOAD c:/st/stm32cubeide_1.3.0/stm32cubeide/plugins/com.st.stm32cube.ide.mcu.externaltools.gnu-tools-for-stm32.7-2018-q2-update.win32_1.0.0.201904181610/tools/bin/../lib/gcc/arm-none-eabi/7.3.1/thumb/v7e-m/fpv4-sp/hard/crtend.o
LOAD c:/st/stm32cubeide_1.3.0/stm32cubeide/plugins/com.st.stm32cube.ide.mcu.externaltools.gnu-tools-for-stm32.7-2018-q2-update.win32_1.0.0.201904181610/tools/bin/../lib/gcc/arm-none-eabi/7.3.1/thumb/v7e-m/fpv4-sp/hard/crtn.o
                0x0000000020020000                _estack = (ORIGIN (RAM) + LENGTH (RAM))
                0x0000000000000200                _Min_Heap_Size = 0x200
                0x0000000000000400                _Min_Stack_Size = 0x400

.isr_vector     0x0000000008000000      0x198
                0x0000000008000000                . = ALIGN (0x4)
 *(.isr_vector)
 .isr_vector    0x0000000008000000      0x198 Core/Startup/startup_stm32f411vetx.o
                0x0000000008000000                g_pfnVectors
                0x0000000008000198                . = ALIGN (0x4)

.text           0x0000000008000198     0x2030
                0x0000000008000198                . = ALIGN (0x4)
 *(.text)
 .text          0x0000000008000198       0x40 c:/st/stm32cubeide_1.3.0/stm32cubeide/plugins/com.st.stm32cube.ide.mcu.externaltools.gnu-tools-for-stm32.7-2018-q2-update.win32_1.0.0.201904181610/tools/bin/../lib/gcc/arm-none-eabi/7.3.1/thumb/v7e-m/fpv4-sp/hard/crtbegin.o
 .text          0x00000000080001d8       0x30 c:/st/stm32cubeide_1.3.0/stm32cubeide/plugins/com.st.stm32cube.ide.mcu.externaltools.gnu-tools-for-stm32.7-2018-q2-update.win32_1.0.0.201904181610/tools/bin/../lib/gcc/arm-none-eabi/7.3.1/thumb/v7e-m/fpv4-sp/hard\libgcc.a(_aeabi_uldivmod.o)
                0x00000000080001d8                __aeabi_uldivmod
 .text          0x0000000008000208      0x2cc c:/st/stm32cubeide_1.3.0/stm32cubeide/plugins/com.st.stm32cube.ide.mcu.externaltools.gnu-tools-for-stm32.7-2018-q2-update.win32_1.0.0.201904181610/tools/bin/../lib/gcc/arm-none-eabi/7.3.1/thumb/v7e-m/fpv4-sp/hard\libgcc.a(_udivmoddi4.o)
                0x0000000008000208                __udivmoddi4
 .text          0x00000000080004d4        0x4 c:/st/stm32cubeide_1.3.0/stm32cubeide/plugins/com.st.stm32cube.ide.mcu.externaltools.gnu-tools-for-stm32.7-2018-q2-update.win32_1.0.0.201904181610/tools/bin/../lib/gcc/arm-none-eabi/7.3.1/thumb/v7e-m/fpv4-sp/hard\libgcc.a(_dvmd_tls.o)
                0x00000000080004d4                __aeabi_idiv0
                0x00000000080004d4                __aeabi_ldiv0
 *(.text*)
 .text.SystemClock_Config
                0x00000000080004d8       0x90 Core/Src/main.o
                0x00000000080004d8                SystemClock_Config
 .text.startup.main
                0x0000000008000568      0x608 Core/Src/main.o
                0x0000000008000568                main
 .text.stepperMotorMove
                0x0000000008000b70       0xa0 Core/Src/stepperMotor.o
                0x0000000008000b70                stepperMotorMove
 .text.HAL_TIM_PWM_PulseFinishedCallback
                0x0000000008000c10       0x7c Core/Src/stepperMotor.o
                0x0000000008000c10                HAL_TIM_PWM_PulseFinishedCallback
 .text.HAL_MspInit
                0x0000000008000c8c       0x3c Core/Src/stm32f4xx_hal_msp.o
                0x0000000008000c8c                HAL_MspInit
 .text.HAL_TIM_Base_MspInit
                0x0000000008000cc8       0x7c Core/Src/stm32f4xx_hal_msp.o
                0x0000000008000cc8                HAL_TIM_Base_MspInit
 .text.HAL_TIM_MspPostInit
                0x0000000008000d44       0x8c Core/Src/stm32f4xx_hal_msp.o
                0x0000000008000d44                HAL_TIM_MspPostInit
 .text.HAL_UART_MspInit
                0x0000000008000dd0       0x9c Core/Src/stm32f4xx_hal_msp.o
                0x0000000008000dd0                HAL_UART_MspInit
 .text.NMI_Handler
                0x0000000008000e6c        0x4 Core/Src/stm32f4xx_it.o
                0x0000000008000e6c                NMI_Handler
 .text.HardFault_Handler
                0x0000000008000e70        0x4 Core/Src/stm32f4xx_it.o
                0x0000000008000e70                HardFault_Handler
 .text.MemManage_Handler
                0x0000000008000e74        0x4 Core/Src/stm32f4xx_it.o
                0x0000000008000e74                MemManage_Handler
 .text.BusFault_Handler
                0x0000000008000e78        0x4 Core/Src/stm32f4xx_it.o
                0x0000000008000e78                BusFault_Handler
 .text.UsageFault_Handler
                0x0000000008000e7c        0x4 Core/Src/stm32f4xx_it.o
                0x0000000008000e7c                UsageFault_Handler
 .text.SVC_Handler
                0x0000000008000e80        0x4 Core/Src/stm32f4xx_it.o
                0x0000000008000e80                SVC_Handler
 .text.DebugMon_Handler
                0x0000000008000e84        0x4 Core/Src/stm32f4xx_it.o
                0x0000000008000e84                DebugMon_Handler
 .text.PendSV_Handler
                0x0000000008000e88        0x4 Core/Src/stm32f4xx_it.o
                0x0000000008000e88                PendSV_Handler
 .text.SysTick_Handler
                0x0000000008000e8c        0x4 Core/Src/stm32f4xx_it.o
                0x0000000008000e8c                SysTick_Handler
 .text.TIM3_IRQHandler
                0x0000000008000e90        0xc Core/Src/stm32f4xx_it.o
                0x0000000008000e90                TIM3_IRQHandler
 .text.TIM4_IRQHandler
                0x0000000008000e9c        0xc Core/Src/stm32f4xx_it.o
                0x0000000008000e9c                TIM4_IRQHandler
 .text.SystemInit
                0x0000000008000ea8       0x1c Core/Src/system_stm32f4xx.o
                0x0000000008000ea8                SystemInit
 .text.USART1_IRQHandler
                0x0000000008000ec4       0x84 Core/Src/uartDriver.o
                0x0000000008000ec4                USART1_IRQHandler
 .text.USART_ReadByte
                0x0000000008000f48       0x38 Core/Src/uartDriver.o
                0x0000000008000f48                USART_ReadByte
 .text.USART_BytesToRead
                0x0000000008000f80       0x20 Core/Src/uartDriver.o
                0x0000000008000f80                USART_BytesToRead
 .text.Reset_Handler
                0x0000000008000fa0       0x50 Core/Startup/startup_stm32f411vetx.o
                0x0000000008000fa0                Reset_Handler
 .text.Default_Handler
                0x0000000008000ff0        0x2 Core/Startup/startup_stm32f411vetx.o
                0x0000000008000ff0                RTC_Alarm_IRQHandler
                0x0000000008000ff0                EXTI2_IRQHandler
                0x0000000008000ff0                SPI4_IRQHandler
                0x0000000008000ff0                TIM1_CC_IRQHandler
                0x0000000008000ff0                DMA2_Stream5_IRQHandler
                0x0000000008000ff0                DMA1_Stream5_IRQHandler
                0x0000000008000ff0                PVD_IRQHandler
                0x0000000008000ff0                SDIO_IRQHandler
                0x0000000008000ff0                TAMP_STAMP_IRQHandler
                0x0000000008000ff0                EXTI3_IRQHandler
                0x0000000008000ff0                TIM1_UP_TIM10_IRQHandler
                0x0000000008000ff0                I2C3_ER_IRQHandler
                0x0000000008000ff0                EXTI0_IRQHandler
                0x0000000008000ff0                I2C2_EV_IRQHandler
                0x0000000008000ff0                DMA1_Stream2_IRQHandler
                0x0000000008000ff0                FPU_IRQHandler
                0x0000000008000ff0                DMA2_Stream2_IRQHandler
                0x0000000008000ff0                SPI1_IRQHandler
                0x0000000008000ff0                TIM1_BRK_TIM9_IRQHandler
                0x0000000008000ff0                DMA2_Stream3_IRQHandler
                0x0000000008000ff0                USART6_IRQHandler
                0x0000000008000ff0                DMA2_Stream0_IRQHandler
                0x0000000008000ff0                I2C1_EV_IRQHandler
                0x0000000008000ff0                DMA1_Stream6_IRQHandler
                0x0000000008000ff0                DMA1_Stream1_IRQHandler
                0x0000000008000ff0                RCC_IRQHandler
                0x0000000008000ff0                Default_Handler
                0x0000000008000ff0                EXTI15_10_IRQHandler
                0x0000000008000ff0                ADC_IRQHandler
                0x0000000008000ff0                DMA1_Stream7_IRQHandler
                0x0000000008000ff0                SPI5_IRQHandler
                0x0000000008000ff0                TIM5_IRQHandler
                0x0000000008000ff0                DMA2_Stream7_IRQHandler
                0x0000000008000ff0                I2C3_EV_IRQHandler
                0x0000000008000ff0                EXTI9_5_IRQHandler
                0x0000000008000ff0                RTC_WKUP_IRQHandler
                0x0000000008000ff0                SPI2_IRQHandler
                0x0000000008000ff0                DMA1_Stream0_IRQHandler
                0x0000000008000ff0                EXTI4_IRQHandler
                0x0000000008000ff0                WWDG_IRQHandler
                0x0000000008000ff0                TIM2_IRQHandler
                0x0000000008000ff0                OTG_FS_WKUP_IRQHandler
                0x0000000008000ff0                TIM1_TRG_COM_TIM11_IRQHandler
                0x0000000008000ff0                EXTI1_IRQHandler
                0x0000000008000ff0                USART2_IRQHandler
                0x0000000008000ff0                I2C2_ER_IRQHandler
                0x0000000008000ff0                DMA2_Stream1_IRQHandler
                0x0000000008000ff0                FLASH_IRQHandler
                0x0000000008000ff0                DMA2_Stream4_IRQHandler
                0x0000000008000ff0                OTG_FS_IRQHandler
                0x0000000008000ff0                SPI3_IRQHandler
                0x0000000008000ff0                DMA1_Stream4_IRQHandler
                0x0000000008000ff0                I2C1_ER_IRQHandler
                0x0000000008000ff0                DMA2_Stream6_IRQHandler
                0x0000000008000ff0                DMA1_Stream3_IRQHandler
 *fill*         0x0000000008000ff2        0x2 
 .text.HAL_InitTick
                0x0000000008000ff4       0x48 Drivers/STM32F4xx_HAL_Driver/Src/stm32f4xx_hal.o
                0x0000000008000ff4                HAL_InitTick
 .text.HAL_Init
                0x000000000800103c       0x34 Drivers/STM32F4xx_HAL_Driver/Src/stm32f4xx_hal.o
                0x000000000800103c                HAL_Init
 .text.HAL_IncTick
                0x0000000008001070       0x18 Drivers/STM32F4xx_HAL_Driver/Src/stm32f4xx_hal.o
                0x0000000008001070                HAL_IncTick
 .text.HAL_GetTick
                0x0000000008001088        0xc Drivers/STM32F4xx_HAL_Driver/Src/stm32f4xx_hal.o
                0x0000000008001088                HAL_GetTick
 .text.HAL_Delay
                0x0000000008001094       0x24 Drivers/STM32F4xx_HAL_Driver/Src/stm32f4xx_hal.o
                0x0000000008001094                HAL_Delay
 .text.HAL_NVIC_SetPriorityGrouping
                0x00000000080010b8       0x24 Drivers/STM32F4xx_HAL_Driver/Src/stm32f4xx_hal_cortex.o
                0x00000000080010b8                HAL_NVIC_SetPriorityGrouping
 .text.HAL_NVIC_SetPriority
                0x00000000080010dc       0x6c Drivers/STM32F4xx_HAL_Driver/Src/stm32f4xx_hal_cortex.o
                0x00000000080010dc                HAL_NVIC_SetPriority
 .text.HAL_NVIC_EnableIRQ
                0x0000000008001148       0x1c Drivers/STM32F4xx_HAL_Driver/Src/stm32f4xx_hal_cortex.o
                0x0000000008001148                HAL_NVIC_EnableIRQ
 .text.HAL_SYSTICK_Config
                0x0000000008001164       0x34 Drivers/STM32F4xx_HAL_Driver/Src/stm32f4xx_hal_cortex.o
                0x0000000008001164                HAL_SYSTICK_Config
 .text.HAL_GPIO_Init
                0x0000000008001198      0x1ac Drivers/STM32F4xx_HAL_Driver/Src/stm32f4xx_hal_gpio.o
                0x0000000008001198                HAL_GPIO_Init
 .text.HAL_GPIO_WritePin
                0x0000000008001344        0x8 Drivers/STM32F4xx_HAL_Driver/Src/stm32f4xx_hal_gpio.o
                0x0000000008001344                HAL_GPIO_WritePin
 .text.HAL_RCC_OscConfig
                0x000000000800134c      0x3bc Drivers/STM32F4xx_HAL_Driver/Src/stm32f4xx_hal_rcc.o
                0x000000000800134c                HAL_RCC_OscConfig
 .text.HAL_RCC_GetSysClockFreq
                0x0000000008001708       0x6c Drivers/STM32F4xx_HAL_Driver/Src/stm32f4xx_hal_rcc.o
                0x0000000008001708                HAL_RCC_GetSysClockFreq
 .text.HAL_RCC_ClockConfig
                0x0000000008001774      0x13c Drivers/STM32F4xx_HAL_Driver/Src/stm32f4xx_hal_rcc.o
                0x0000000008001774                HAL_RCC_ClockConfig
 .text.HAL_RCC_GetPCLK1Freq
                0x00000000080018b0       0x20 Drivers/STM32F4xx_HAL_Driver/Src/stm32f4xx_hal_rcc.o
                0x00000000080018b0                HAL_RCC_GetPCLK1Freq
 .text.HAL_RCC_GetPCLK2Freq
                0x00000000080018d0       0x20 Drivers/STM32F4xx_HAL_Driver/Src/stm32f4xx_hal_rcc.o
                0x00000000080018d0                HAL_RCC_GetPCLK2Freq
 .text.HAL_TIM_Base_Init
                0x00000000080018f0       0xbc Drivers/STM32F4xx_HAL_Driver/Src/stm32f4xx_hal_tim.o
                0x00000000080018f0                HAL_TIM_Base_Init
 .text.HAL_TIM_PWM_MspInit
                0x00000000080019ac        0x4 Drivers/STM32F4xx_HAL_Driver/Src/stm32f4xx_hal_tim.o
                0x00000000080019ac                HAL_TIM_PWM_MspInit
 .text.HAL_TIM_PWM_Init
                0x00000000080019b0       0xbc Drivers/STM32F4xx_HAL_Driver/Src/stm32f4xx_hal_tim.o
                0x00000000080019b0                HAL_TIM_PWM_Init
 .text.HAL_TIM_PWM_Start_IT
                0x0000000008001a6c       0x88 Drivers/STM32F4xx_HAL_Driver/Src/stm32f4xx_hal_tim.o
                0x0000000008001a6c                HAL_TIM_PWM_Start_IT
 .text.HAL_TIM_PWM_ConfigChannel
                0x0000000008001af4      0x1fc Drivers/STM32F4xx_HAL_Driver/Src/stm32f4xx_hal_tim.o
                0x0000000008001af4                HAL_TIM_PWM_ConfigChannel
 .text.HAL_TIM_ConfigClockSource
                0x0000000008001cf0      0x14c Drivers/STM32F4xx_HAL_Driver/Src/stm32f4xx_hal_tim.o
                0x0000000008001cf0                HAL_TIM_ConfigClockSource
 .text.HAL_TIM_PeriodElapsedCallback
                0x0000000008001e3c        0x4 Drivers/STM32F4xx_HAL_Driver/Src/stm32f4xx_hal_tim.o
                0x0000000008001e3c                HAL_TIM_PeriodElapsedCallback
 .text.HAL_TIM_OC_DelayElapsedCallback
                0x0000000008001e40        0x4 Drivers/STM32F4xx_HAL_Driver/Src/stm32f4xx_hal_tim.o
                0x0000000008001e40                HAL_TIM_OC_DelayElapsedCallback
 .text.HAL_TIM_IC_CaptureCallback
                0x0000000008001e44        0x4 Drivers/STM32F4xx_HAL_Driver/Src/stm32f4xx_hal_tim.o
                0x0000000008001e44                HAL_TIM_IC_CaptureCallback
 .text.HAL_TIM_TriggerCallback
                0x0000000008001e48        0x4 Drivers/STM32F4xx_HAL_Driver/Src/stm32f4xx_hal_tim.o
                0x0000000008001e48                HAL_TIM_TriggerCallback
 .text.HAL_TIM_IRQHandler
                0x0000000008001e4c      0x154 Drivers/STM32F4xx_HAL_Driver/Src/stm32f4xx_hal_tim.o
                0x0000000008001e4c                HAL_TIM_IRQHandler
 .text.HAL_TIMEx_MasterConfigSynchronization
                0x0000000008001fa0       0x7c Drivers/STM32F4xx_HAL_Driver/Src/stm32f4xx_hal_tim_ex.o
                0x0000000008001fa0                HAL_TIMEx_MasterConfigSynchronization
 .text.HAL_TIMEx_CommutCallback
                0x000000000800201c        0x4 Drivers/STM32F4xx_HAL_Driver/Src/stm32f4xx_hal_tim_ex.o
                0x000000000800201c                HAL_TIMEx_CommutCallback
 .text.HAL_TIMEx_BreakCallback
                0x0000000008002020        0x4 Drivers/STM32F4xx_HAL_Driver/Src/stm32f4xx_hal_tim_ex.o
                0x0000000008002020                HAL_TIMEx_BreakCallback
 .text.HAL_UART_Init
                0x0000000008002024      0x144 Drivers/STM32F4xx_HAL_Driver/Src/stm32f4xx_hal_uart.o
                0x0000000008002024                HAL_UART_Init
 .text.__libc_init_array
                0x0000000008002168       0x48 c:/st/stm32cubeide_1.3.0/stm32cubeide/plugins/com.st.stm32cube.ide.mcu.externaltools.gnu-tools-for-stm32.7-2018-q2-update.win32_1.0.0.201904181610/tools/bin/../lib/gcc/arm-none-eabi/7.3.1/../../../../arm-none-eabi/lib/thumb/v7e-m/fpv4-sp/hard\libc_nano.a(lib_a-init.o)
                0x0000000008002168                __libc_init_array
 *(.glue_7)
 .glue_7        0x00000000080021b0        0x0 linker stubs
 *(.glue_7t)
 .glue_7t       0x00000000080021b0        0x0 linker stubs
 *(.eh_frame)
 .eh_frame      0x00000000080021b0        0x0 c:/st/stm32cubeide_1.3.0/stm32cubeide/plugins/com.st.stm32cube.ide.mcu.externaltools.gnu-tools-for-stm32.7-2018-q2-update.win32_1.0.0.201904181610/tools/bin/../lib/gcc/arm-none-eabi/7.3.1/thumb/v7e-m/fpv4-sp/hard/crtbegin.o
 *(.init)
 .init          0x00000000080021b0        0x4 c:/st/stm32cubeide_1.3.0/stm32cubeide/plugins/com.st.stm32cube.ide.mcu.externaltools.gnu-tools-for-stm32.7-2018-q2-update.win32_1.0.0.201904181610/tools/bin/../lib/gcc/arm-none-eabi/7.3.1/thumb/v7e-m/fpv4-sp/hard/crti.o
                0x00000000080021b0                _init
 .init          0x00000000080021b4        0x8 c:/st/stm32cubeide_1.3.0/stm32cubeide/plugins/com.st.stm32cube.ide.mcu.externaltools.gnu-tools-for-stm32.7-2018-q2-update.win32_1.0.0.201904181610/tools/bin/../lib/gcc/arm-none-eabi/7.3.1/thumb/v7e-m/fpv4-sp/hard/crtn.o
 *(.fini)
 .fini          0x00000000080021bc        0x4 c:/st/stm32cubeide_1.3.0/stm32cubeide/plugins/com.st.stm32cube.ide.mcu.externaltools.gnu-tools-for-stm32.7-2018-q2-update.win32_1.0.0.201904181610/tools/bin/../lib/gcc/arm-none-eabi/7.3.1/thumb/v7e-m/fpv4-sp/hard/crti.o
                0x00000000080021bc                _fini
 .fini          0x00000000080021c0        0x8 c:/st/stm32cubeide_1.3.0/stm32cubeide/plugins/com.st.stm32cube.ide.mcu.externaltools.gnu-tools-for-stm32.7-2018-q2-update.win32_1.0.0.201904181610/tools/bin/../lib/gcc/arm-none-eabi/7.3.1/thumb/v7e-m/fpv4-sp/hard/crtn.o
                0x00000000080021c8                . = ALIGN (0x4)
                0x00000000080021c8                _etext = .

.vfp11_veneer   0x00000000080021c8        0x0
 .vfp11_veneer  0x00000000080021c8        0x0 linker stubs

.v4_bx          0x00000000080021c8        0x0
 .v4_bx         0x00000000080021c8        0x0 linker stubs

.iplt           0x00000000080021c8        0x0
 .iplt          0x00000000080021c8        0x0 c:/st/stm32cubeide_1.3.0/stm32cubeide/plugins/com.st.stm32cube.ide.mcu.externaltools.gnu-tools-for-stm32.7-2018-q2-update.win32_1.0.0.201904181610/tools/bin/../lib/gcc/arm-none-eabi/7.3.1/thumb/v7e-m/fpv4-sp/hard/crtbegin.o

.rodata         0x00000000080021c8       0x18
                0x00000000080021c8                . = ALIGN (0x4)
 *(.rodata)
 *(.rodata*)
 .rodata.AHBPrescTable
                0x00000000080021c8       0x10 Core/Src/system_stm32f4xx.o
                0x00000000080021c8                AHBPrescTable
 .rodata.APBPrescTable
                0x00000000080021d8        0x8 Core/Src/system_stm32f4xx.o
                0x00000000080021d8                APBPrescTable
                0x00000000080021e0                . = ALIGN (0x4)

.ARM.extab      0x00000000080021e0        0x0
                0x00000000080021e0                . = ALIGN (0x4)
 *(.ARM.extab* .gnu.linkonce.armextab.*)
                0x00000000080021e0                . = ALIGN (0x4)

.ARM            0x00000000080021e0        0x8
                0x00000000080021e0                . = ALIGN (0x4)
                0x00000000080021e0                __exidx_start = .
 *(.ARM.exidx*)
 .ARM.exidx     0x00000000080021e0        0x8 c:/st/stm32cubeide_1.3.0/stm32cubeide/plugins/com.st.stm32cube.ide.mcu.externaltools.gnu-tools-for-stm32.7-2018-q2-update.win32_1.0.0.201904181610/tools/bin/../lib/gcc/arm-none-eabi/7.3.1/thumb/v7e-m/fpv4-sp/hard\libgcc.a(_udivmoddi4.o)
                0x00000000080021e8                __exidx_end = .
                0x00000000080021e8                . = ALIGN (0x4)

.rel.dyn        0x00000000080021e8        0x0
 .rel.iplt      0x00000000080021e8        0x0 c:/st/stm32cubeide_1.3.0/stm32cubeide/plugins/com.st.stm32cube.ide.mcu.externaltools.gnu-tools-for-stm32.7-2018-q2-update.win32_1.0.0.201904181610/tools/bin/../lib/gcc/arm-none-eabi/7.3.1/thumb/v7e-m/fpv4-sp/hard/crtbegin.o

.preinit_array  0x00000000080021e8        0x0
                0x00000000080021e8                . = ALIGN (0x4)
                0x00000000080021e8                PROVIDE (__preinit_array_start = .)
 *(.preinit_array*)
                0x00000000080021e8                PROVIDE (__preinit_array_end = .)
                0x00000000080021e8                . = ALIGN (0x4)

.init_array     0x00000000080021e8        0x4
                0x00000000080021e8                . = ALIGN (0x4)
                0x00000000080021e8                PROVIDE (__init_array_start = .)
 *(SORT_BY_NAME(.init_array.*))
 *(.init_array*)
 .init_array    0x00000000080021e8        0x4 c:/st/stm32cubeide_1.3.0/stm32cubeide/plugins/com.st.stm32cube.ide.mcu.externaltools.gnu-tools-for-stm32.7-2018-q2-update.win32_1.0.0.201904181610/tools/bin/../lib/gcc/arm-none-eabi/7.3.1/thumb/v7e-m/fpv4-sp/hard/crtbegin.o
                0x00000000080021ec                PROVIDE (__init_array_end = .)
                0x00000000080021ec                . = ALIGN (0x4)

.fini_array     0x00000000080021ec        0x4
                0x00000000080021ec                . = ALIGN (0x4)
                [!provide]                        PROVIDE (__fini_array_start = .)
 *(SORT_BY_NAME(.fini_array.*))
 *(.fini_array*)
 .fini_array    0x00000000080021ec        0x4 c:/st/stm32cubeide_1.3.0/stm32cubeide/plugins/com.st.stm32cube.ide.mcu.externaltools.gnu-tools-for-stm32.7-2018-q2-update.win32_1.0.0.201904181610/tools/bin/../lib/gcc/arm-none-eabi/7.3.1/thumb/v7e-m/fpv4-sp/hard/crtbegin.o
                [!provide]                        PROVIDE (__fini_array_end = .)
                0x00000000080021f0                . = ALIGN (0x4)
                0x00000000080021f0                _sidata = LOADADDR (.data)

.data           0x0000000020000000        0xc load address 0x00000000080021f0
                0x0000000020000000                . = ALIGN (0x4)
                0x0000000020000000                _sdata = .
 *(.data)
 *(.data*)
 .data.SystemCoreClock
                0x0000000020000000        0x4 Core/Src/system_stm32f4xx.o
                0x0000000020000000                SystemCoreClock
 .data.uwTickFreq
                0x0000000020000004        0x1 Drivers/STM32F4xx_HAL_Driver/Src/stm32f4xx_hal.o
                0x0000000020000004                uwTickFreq
 *fill*         0x0000000020000005        0x3 
 .data.uwTickPrio
                0x0000000020000008        0x4 Drivers/STM32F4xx_HAL_Driver/Src/stm32f4xx_hal.o
                0x0000000020000008                uwTickPrio
                0x000000002000000c                . = ALIGN (0x4)
                0x000000002000000c                _edata = .

.igot.plt       0x000000002000000c        0x0 load address 0x00000000080021fc
 .igot.plt      0x000000002000000c        0x0 c:/st/stm32cubeide_1.3.0/stm32cubeide/plugins/com.st.stm32cube.ide.mcu.externaltools.gnu-tools-for-stm32.7-2018-q2-update.win32_1.0.0.201904181610/tools/bin/../lib/gcc/arm-none-eabi/7.3.1/thumb/v7e-m/fpv4-sp/hard/crtbegin.o
                0x000000002000000c                . = ALIGN (0x4)

.bss            0x000000002000000c      0x778 load address 0x00000000080021fc
                0x000000002000000c                _sbss = .
                0x000000002000000c                __bss_start__ = _sbss
 *(.bss)
 .bss           0x000000002000000c       0x1c c:/st/stm32cubeide_1.3.0/stm32cubeide/plugins/com.st.stm32cube.ide.mcu.externaltools.gnu-tools-for-stm32.7-2018-q2-update.win32_1.0.0.201904181610/tools/bin/../lib/gcc/arm-none-eabi/7.3.1/thumb/v7e-m/fpv4-sp/hard/crtbegin.o
 *(.bss*)
 .bss.motor1intFlag
                0x0000000020000028        0x4 Core/Src/main.o
                0x0000000020000028                motor1intFlag
 .bss.motor2intFlag
                0x000000002000002c        0x4 Core/Src/main.o
                0x000000002000002c                motor2intFlag
 .bss.motor3intFlag
                0x0000000020000030        0x4 Core/Src/main.o
                0x0000000020000030                motor3intFlag
 *(COMMON)
 COMMON         0x0000000020000034      0x74c Core/Src/main.o
                0x0000000020000034                stepperMotors
                0x0000000020000058                htim4
                0x0000000020000098                uartBuffRX
                0x0000000020000168                htim3
                0x00000000200001a8                huart1
                0x00000000200001e8                stepMotorCommand
                0x00000000200006b0                uartBuffTX
 COMMON         0x0000000020000780        0x4 Drivers/STM32F4xx_HAL_Driver/Src/stm32f4xx_hal.o
                0x0000000020000780                uwTick
                0x0000000020000784                . = ALIGN (0x4)
                0x0000000020000784                _ebss = .
                0x0000000020000784                __bss_end__ = _ebss

._user_heap_stack
                0x0000000020000784      0x604 load address 0x00000000080021fc
                0x0000000020000788                . = ALIGN (0x8)
 *fill*         0x0000000020000784        0x4 
                0x0000000020000788                PROVIDE (end = .)
                [!provide]                        PROVIDE (_end = .)
                0x0000000020000988                . = (. + _Min_Heap_Size)
 *fill*         0x0000000020000788      0x200 
                0x0000000020000d88                . = (. + _Min_Stack_Size)
 *fill*         0x0000000020000988      0x400 
                0x0000000020000d88                . = ALIGN (0x8)

/DISCARD/
 libc.a(*)
 libm.a(*)
 libgcc.a(*)

.ARM.attributes
                0x0000000000000000       0x30
 *(.ARM.attributes)
 .ARM.attributes
                0x0000000000000000       0x22 c:/st/stm32cubeide_1.3.0/stm32cubeide/plugins/com.st.stm32cube.ide.mcu.externaltools.gnu-tools-for-stm32.7-2018-q2-update.win32_1.0.0.201904181610/tools/bin/../lib/gcc/arm-none-eabi/7.3.1/thumb/v7e-m/fpv4-sp/hard/crti.o
 .ARM.attributes
                0x0000000000000022       0x34 c:/st/stm32cubeide_1.3.0/stm32cubeide/plugins/com.st.stm32cube.ide.mcu.externaltools.gnu-tools-for-stm32.7-2018-q2-update.win32_1.0.0.201904181610/tools/bin/../lib/gcc/arm-none-eabi/7.3.1/thumb/v7e-m/fpv4-sp/hard/crtbegin.o
 .ARM.attributes
                0x0000000000000056       0x35 Core/Src/main.o
 .ARM.attributes
                0x000000000000008b       0x35 Core/Src/stepperMotor.o
 .ARM.attributes
                0x00000000000000c0       0x35 Core/Src/stm32f4xx_hal_msp.o
 .ARM.attributes
                0x00000000000000f5       0x35 Core/Src/stm32f4xx_it.o
 .ARM.attributes
                0x000000000000012a       0x35 Core/Src/system_stm32f4xx.o
 .ARM.attributes
                0x000000000000015f       0x35 Core/Src/uartDriver.o
 .ARM.attributes
                0x0000000000000194       0x21 Core/Startup/startup_stm32f411vetx.o
 .ARM.attributes
                0x00000000000001b5       0x35 Drivers/STM32F4xx_HAL_Driver/Src/stm32f4xx_hal.o
 .ARM.attributes
                0x00000000000001ea       0x35 Drivers/STM32F4xx_HAL_Driver/Src/stm32f4xx_hal_cortex.o
 .ARM.attributes
                0x000000000000021f       0x35 Drivers/STM32F4xx_HAL_Driver/Src/stm32f4xx_hal_gpio.o
 .ARM.attributes
                0x0000000000000254       0x35 Drivers/STM32F4xx_HAL_Driver/Src/stm32f4xx_hal_rcc.o
 .ARM.attributes
                0x0000000000000289       0x35 Drivers/STM32F4xx_HAL_Driver/Src/stm32f4xx_hal_tim.o
 .ARM.attributes
                0x00000000000002be       0x35 Drivers/STM32F4xx_HAL_Driver/Src/stm32f4xx_hal_tim_ex.o
 .ARM.attributes
                0x00000000000002f3       0x35 Drivers/STM32F4xx_HAL_Driver/Src/stm32f4xx_hal_uart.o
 .ARM.attributes
                0x0000000000000328       0x34 c:/st/stm32cubeide_1.3.0/stm32cubeide/plugins/com.st.stm32cube.ide.mcu.externaltools.gnu-tools-for-stm32.7-2018-q2-update.win32_1.0.0.201904181610/tools/bin/../lib/gcc/arm-none-eabi/7.3.1/../../../../arm-none-eabi/lib/thumb/v7e-m/fpv4-sp/hard\libc_nano.a(lib_a-init.o)
 .ARM.attributes
                0x000000000000035c       0x22 c:/st/stm32cubeide_1.3.0/stm32cubeide/plugins/com.st.stm32cube.ide.mcu.externaltools.gnu-tools-for-stm32.7-2018-q2-update.win32_1.0.0.201904181610/tools/bin/../lib/gcc/arm-none-eabi/7.3.1/thumb/v7e-m/fpv4-sp/hard\libgcc.a(_aeabi_uldivmod.o)
 .ARM.attributes
                0x000000000000037e       0x34 c:/st/stm32cubeide_1.3.0/stm32cubeide/plugins/com.st.stm32cube.ide.mcu.externaltools.gnu-tools-for-stm32.7-2018-q2-update.win32_1.0.0.201904181610/tools/bin/../lib/gcc/arm-none-eabi/7.3.1/thumb/v7e-m/fpv4-sp/hard\libgcc.a(_udivmoddi4.o)
 .ARM.attributes
                0x00000000000003b2       0x22 c:/st/stm32cubeide_1.3.0/stm32cubeide/plugins/com.st.stm32cube.ide.mcu.externaltools.gnu-tools-for-stm32.7-2018-q2-update.win32_1.0.0.201904181610/tools/bin/../lib/gcc/arm-none-eabi/7.3.1/thumb/v7e-m/fpv4-sp/hard\libgcc.a(_dvmd_tls.o)
 .ARM.attributes
                0x00000000000003d4       0x22 c:/st/stm32cubeide_1.3.0/stm32cubeide/plugins/com.st.stm32cube.ide.mcu.externaltools.gnu-tools-for-stm32.7-2018-q2-update.win32_1.0.0.201904181610/tools/bin/../lib/gcc/arm-none-eabi/7.3.1/thumb/v7e-m/fpv4-sp/hard/crtn.o
OUTPUT(robotArmTest1.elf elf32-littlearm)

.debug_info     0x0000000000000000     0xdbb9
 .debug_info    0x0000000000000000     0x1a3e Core/Src/main.o
 .debug_info    0x0000000000001a3e      0x8d5 Core/Src/stepperMotor.o
 .debug_info    0x0000000000002313      0xfe6 Core/Src/stm32f4xx_hal_msp.o
 .debug_info    0x00000000000032f9      0x728 Core/Src/stm32f4xx_it.o
 .debug_info    0x0000000000003a21      0x583 Core/Src/system_stm32f4xx.o
 .debug_info    0x0000000000003fa4      0x3c6 Core/Src/uartDriver.o
 .debug_info    0x000000000000436a       0x22 Core/Startup/startup_stm32f411vetx.o
 .debug_info    0x000000000000438c      0x9a9 Drivers/STM32F4xx_HAL_Driver/Src/stm32f4xx_hal.o
 .debug_info    0x0000000000004d35      0xefa Drivers/STM32F4xx_HAL_Driver/Src/stm32f4xx_hal_cortex.o
 .debug_info    0x0000000000005c2f      0x7eb Drivers/STM32F4xx_HAL_Driver/Src/stm32f4xx_hal_gpio.o
 .debug_info    0x000000000000641a      0xaf6 Drivers/STM32F4xx_HAL_Driver/Src/stm32f4xx_hal_rcc.o
 .debug_info    0x0000000000006f10     0x3e8e Drivers/STM32F4xx_HAL_Driver/Src/stm32f4xx_hal_tim.o
 .debug_info    0x000000000000ad9e     0x1560 Drivers/STM32F4xx_HAL_Driver/Src/stm32f4xx_hal_tim_ex.o
 .debug_info    0x000000000000c2fe     0x18bb Drivers/STM32F4xx_HAL_Driver/Src/stm32f4xx_hal_uart.o

.debug_abbrev   0x0000000000000000     0x2014
 .debug_abbrev  0x0000000000000000      0x352 Core/Src/main.o
 .debug_abbrev  0x0000000000000352      0x1c9 Core/Src/stepperMotor.o
 .debug_abbrev  0x000000000000051b      0x21b Core/Src/stm32f4xx_hal_msp.o
 .debug_abbrev  0x0000000000000736      0x1cb Core/Src/stm32f4xx_it.o
 .debug_abbrev  0x0000000000000901      0x12b Core/Src/system_stm32f4xx.o
 .debug_abbrev  0x0000000000000a2c      0x20f Core/Src/uartDriver.o
 .debug_abbrev  0x0000000000000c3b       0x12 Core/Startup/startup_stm32f411vetx.o
 .debug_abbrev  0x0000000000000c4d      0x26b Drivers/STM32F4xx_HAL_Driver/Src/stm32f4xx_hal.o
 .debug_abbrev  0x0000000000000eb8      0x320 Drivers/STM32F4xx_HAL_Driver/Src/stm32f4xx_hal_cortex.o
 .debug_abbrev  0x00000000000011d8      0x203 Drivers/STM32F4xx_HAL_Driver/Src/stm32f4xx_hal_gpio.o
 .debug_abbrev  0x00000000000013db      0x2c3 Drivers/STM32F4xx_HAL_Driver/Src/stm32f4xx_hal_rcc.o
 .debug_abbrev  0x000000000000169e      0x349 Drivers/STM32F4xx_HAL_Driver/Src/stm32f4xx_hal_tim.o
 .debug_abbrev  0x00000000000019e7      0x2f9 Drivers/STM32F4xx_HAL_Driver/Src/stm32f4xx_hal_tim_ex.o
 .debug_abbrev  0x0000000000001ce0      0x334 Drivers/STM32F4xx_HAL_Driver/Src/stm32f4xx_hal_uart.o

.debug_loc      0x0000000000000000     0x94a2
 .debug_loc     0x0000000000000000      0x177 Core/Src/main.o
 .debug_loc     0x0000000000000177      0x2b4 Core/Src/stepperMotor.o
 .debug_loc     0x000000000000042b       0xf0 Core/Src/stm32f4xx_hal_msp.o
 .debug_loc     0x000000000000051b      0x14c Core/Src/system_stm32f4xx.o
 .debug_loc     0x0000000000000667      0x197 Core/Src/uartDriver.o
 .debug_loc     0x00000000000007fe      0x12f Drivers/STM32F4xx_HAL_Driver/Src/stm32f4xx_hal.o
 .debug_loc     0x000000000000092d      0x5c9 Drivers/STM32F4xx_HAL_Driver/Src/stm32f4xx_hal_cortex.o
 .debug_loc     0x0000000000000ef6      0x436 Drivers/STM32F4xx_HAL_Driver/Src/stm32f4xx_hal_gpio.o
 .debug_loc     0x000000000000132c      0x3fc Drivers/STM32F4xx_HAL_Driver/Src/stm32f4xx_hal_rcc.o
 .debug_loc     0x0000000000001728     0x54ed Drivers/STM32F4xx_HAL_Driver/Src/stm32f4xx_hal_tim.o
 .debug_loc     0x0000000000006c15     0x112b Drivers/STM32F4xx_HAL_Driver/Src/stm32f4xx_hal_tim_ex.o
 .debug_loc     0x0000000000007d40     0x1762 Drivers/STM32F4xx_HAL_Driver/Src/stm32f4xx_hal_uart.o

.debug_aranges  0x0000000000000000      0x8b0
 .debug_aranges
                0x0000000000000000       0x40 Core/Src/main.o
 .debug_aranges
                0x0000000000000040       0x28 Core/Src/stepperMotor.o
 .debug_aranges
                0x0000000000000068       0x48 Core/Src/stm32f4xx_hal_msp.o
 .debug_aranges
                0x00000000000000b0       0x58 Core/Src/stm32f4xx_it.o
 .debug_aranges
                0x0000000000000108       0x28 Core/Src/system_stm32f4xx.o
 .debug_aranges
                0x0000000000000130       0x48 Core/Src/uartDriver.o
 .debug_aranges
                0x0000000000000178       0x28 Core/Startup/startup_stm32f411vetx.o
 .debug_aranges
                0x00000000000001a0       0xe8 Drivers/STM32F4xx_HAL_Driver/Src/stm32f4xx_hal.o
 .debug_aranges
                0x0000000000000288       0xa8 Drivers/STM32F4xx_HAL_Driver/Src/stm32f4xx_hal_cortex.o
 .debug_aranges
                0x0000000000000330       0x58 Drivers/STM32F4xx_HAL_Driver/Src/stm32f4xx_hal_gpio.o
 .debug_aranges
                0x0000000000000388       0x88 Drivers/STM32F4xx_HAL_Driver/Src/stm32f4xx_hal_rcc.o
 .debug_aranges
                0x0000000000000410      0x258 Drivers/STM32F4xx_HAL_Driver/Src/stm32f4xx_hal_tim.o
 .debug_aranges
                0x0000000000000668       0xf0 Drivers/STM32F4xx_HAL_Driver/Src/stm32f4xx_hal_tim_ex.o
 .debug_aranges
                0x0000000000000758      0x158 Drivers/STM32F4xx_HAL_Driver/Src/stm32f4xx_hal_uart.o

.debug_ranges   0x0000000000000000     0x1168
 .debug_ranges  0x0000000000000000      0x180 Core/Src/main.o
 .debug_ranges  0x0000000000000180       0x18 Core/Src/stepperMotor.o
 .debug_ranges  0x0000000000000198       0xd8 Core/Src/stm32f4xx_hal_msp.o
 .debug_ranges  0x0000000000000270       0x48 Core/Src/stm32f4xx_it.o
 .debug_ranges  0x00000000000002b8       0x18 Core/Src/system_stm32f4xx.o
 .debug_ranges  0x00000000000002d0       0x58 Core/Src/uartDriver.o
 .debug_ranges  0x0000000000000328       0x20 Core/Startup/startup_stm32f411vetx.o
 .debug_ranges  0x0000000000000348       0xd8 Drivers/STM32F4xx_HAL_Driver/Src/stm32f4xx_hal.o
 .debug_ranges  0x0000000000000420      0x138 Drivers/STM32F4xx_HAL_Driver/Src/stm32f4xx_hal_cortex.o
 .debug_ranges  0x0000000000000558       0x60 Drivers/STM32F4xx_HAL_Driver/Src/stm32f4xx_hal_gpio.o
 .debug_ranges  0x00000000000005b8      0x100 Drivers/STM32F4xx_HAL_Driver/Src/stm32f4xx_hal_rcc.o
 .debug_ranges  0x00000000000006b8      0x6c0 Drivers/STM32F4xx_HAL_Driver/Src/stm32f4xx_hal_tim.o
 .debug_ranges  0x0000000000000d78       0xe0 Drivers/STM32F4xx_HAL_Driver/Src/stm32f4xx_hal_tim_ex.o
 .debug_ranges  0x0000000000000e58      0x310 Drivers/STM32F4xx_HAL_Driver/Src/stm32f4xx_hal_uart.o

.debug_macro    0x0000000000000000    0x1584f
 .debug_macro   0x0000000000000000      0x1ef Core/Src/main.o
 .debug_macro   0x00000000000001ef      0xa66 Core/Src/main.o
 .debug_macro   0x0000000000000c55      0x18a Core/Src/main.o
 .debug_macro   0x0000000000000ddf       0x2e Core/Src/main.o
 .debug_macro   0x0000000000000e0d       0x28 Core/Src/main.o
 .debug_macro   0x0000000000000e35       0x22 Core/Src/main.o
 .debug_macro   0x0000000000000e57       0x8e Core/Src/main.o
 .debug_macro   0x0000000000000ee5       0x51 Core/Src/main.o
 .debug_macro   0x0000000000000f36       0xef Core/Src/main.o
 .debug_macro   0x0000000000001025       0x6a Core/Src/main.o
 .debug_macro   0x000000000000108f      0x1df Core/Src/main.o
 .debug_macro   0x000000000000126e       0x1c Core/Src/main.o
 .debug_macro   0x000000000000128a       0x22 Core/Src/main.o
 .debug_macro   0x00000000000012ac       0xdf Core/Src/main.o
 .debug_macro   0x000000000000138b     0x102d Core/Src/main.o
 .debug_macro   0x00000000000023b8      0x11f Core/Src/main.o
 .debug_macro   0x00000000000024d7     0xb937 Core/Src/main.o
 .debug_macro   0x000000000000de0e       0x43 Core/Src/main.o
 .debug_macro   0x000000000000de51     0x3659 Core/Src/main.o
 .debug_macro   0x00000000000114aa      0x174 Core/Src/main.o
 .debug_macro   0x000000000001161e       0x5a Core/Src/main.o
 .debug_macro   0x0000000000011678      0x447 Core/Src/main.o
 .debug_macro   0x0000000000011abf      0x9fe Core/Src/main.o
 .debug_macro   0x00000000000124bd      0x15f Core/Src/main.o
 .debug_macro   0x000000000001261c      0x117 Core/Src/main.o
 .debug_macro   0x0000000000012733      0x11b Core/Src/main.o
 .debug_macro   0x000000000001284e       0x27 Core/Src/main.o
 .debug_macro   0x0000000000012875      0x287 Core/Src/main.o
 .debug_macro   0x0000000000012afc       0x5f Core/Src/main.o
 .debug_macro   0x0000000000012b5b      0x236 Core/Src/main.o
 .debug_macro   0x0000000000012d91      0x132 Core/Src/main.o
 .debug_macro   0x0000000000012ec3      0x264 Core/Src/main.o
 .debug_macro   0x0000000000013127       0x2e Core/Src/main.o
 .debug_macro   0x0000000000013155      0x11a Core/Src/main.o
 .debug_macro   0x000000000001326f       0x85 Core/Src/main.o
 .debug_macro   0x00000000000132f4       0x89 Core/Src/main.o
 .debug_macro   0x000000000001337d      0x8a0 Core/Src/main.o
 .debug_macro   0x0000000000013c1d       0x47 Core/Src/main.o
 .debug_macro   0x0000000000013c64      0x287 Core/Src/main.o
 .debug_macro   0x0000000000013eeb      0x126 Core/Src/main.o
 .debug_macro   0x0000000000014011      0x16c Core/Src/main.o
 .debug_macro   0x000000000001417d       0x10 Core/Src/main.o
 .debug_macro   0x000000000001418d       0x10 Core/Src/main.o
 .debug_macro   0x000000000001419d      0x1de Core/Src/stepperMotor.o
 .debug_macro   0x000000000001437b      0x1dd Core/Src/stm32f4xx_hal_msp.o
 .debug_macro   0x0000000000014558      0x1e7 Core/Src/stm32f4xx_it.o
 .debug_macro   0x000000000001473f      0x1d4 Core/Src/system_stm32f4xx.o
 .debug_macro   0x0000000000014913      0x1de Core/Src/uartDriver.o
 .debug_macro   0x0000000000014af1      0x22e Drivers/STM32F4xx_HAL_Driver/Src/stm32f4xx_hal.o
 .debug_macro   0x0000000000014d1f      0x1ce Drivers/STM32F4xx_HAL_Driver/Src/stm32f4xx_hal_cortex.o
 .debug_macro   0x0000000000014eed      0x204 Drivers/STM32F4xx_HAL_Driver/Src/stm32f4xx_hal_gpio.o
 .debug_macro   0x00000000000150f1      0x1f2 Drivers/STM32F4xx_HAL_Driver/Src/stm32f4xx_hal_rcc.o
 .debug_macro   0x00000000000152e3      0x1cf Drivers/STM32F4xx_HAL_Driver/Src/stm32f4xx_hal_tim.o
 .debug_macro   0x00000000000154b2      0x1ce Drivers/STM32F4xx_HAL_Driver/Src/stm32f4xx_hal_tim_ex.o
 .debug_macro   0x0000000000015680      0x1cf Drivers/STM32F4xx_HAL_Driver/Src/stm32f4xx_hal_uart.o

.debug_line     0x0000000000000000     0x8f69
 .debug_line    0x0000000000000000      0x919 Core/Src/main.o
 .debug_line    0x0000000000000919      0x727 Core/Src/stepperMotor.o
 .debug_line    0x0000000000001040      0x7b9 Core/Src/stm32f4xx_hal_msp.o
 .debug_line    0x00000000000017f9      0x73f Core/Src/stm32f4xx_it.o
 .debug_line    0x0000000000001f38      0x6e9 Core/Src/system_stm32f4xx.o
 .debug_line    0x0000000000002621      0x784 Core/Src/uartDriver.o
 .debug_line    0x0000000000002da5       0x85 Core/Startup/startup_stm32f411vetx.o
 .debug_line    0x0000000000002e2a      0x8c0 Drivers/STM32F4xx_HAL_Driver/Src/stm32f4xx_hal.o
 .debug_line    0x00000000000036ea      0x94c Drivers/STM32F4xx_HAL_Driver/Src/stm32f4xx_hal_cortex.o
 .debug_line    0x0000000000004036      0x8a5 Drivers/STM32F4xx_HAL_Driver/Src/stm32f4xx_hal_gpio.o
 .debug_line    0x00000000000048db      0x9f3 Drivers/STM32F4xx_HAL_Driver/Src/stm32f4xx_hal_rcc.o
 .debug_line    0x00000000000052ce     0x1d0c Drivers/STM32F4xx_HAL_Driver/Src/stm32f4xx_hal_tim.o
 .debug_line    0x0000000000006fda      0xc75 Drivers/STM32F4xx_HAL_Driver/Src/stm32f4xx_hal_tim_ex.o
 .debug_line    0x0000000000007c4f     0x131a Drivers/STM32F4xx_HAL_Driver/Src/stm32f4xx_hal_uart.o

.debug_str      0x0000000000000000    0x88a29
 .debug_str     0x0000000000000000    0x863e0 Core/Src/main.o
                                      0x86731 (size before relaxing)
 .debug_str     0x00000000000863e0       0x6d Core/Src/stepperMotor.o
                                      0x8561f (size before relaxing)
 .debug_str     0x000000000008644d       0xcd Core/Src/stm32f4xx_hal_msp.o
                                      0x8626c (size before relaxing)
 .debug_str     0x000000000008651a       0xfc Core/Src/stm32f4xx_it.o
                                      0x85b81 (size before relaxing)
 .debug_str     0x0000000000086616       0xc4 Core/Src/system_stm32f4xx.o
                                      0x85240 (size before relaxing)
 .debug_str     0x00000000000866da       0x9a Core/Src/uartDriver.o
                                      0x851b4 (size before relaxing)
 .debug_str     0x0000000000086774       0x36 Core/Startup/startup_stm32f411vetx.o
                                         0x5c (size before relaxing)
 .debug_str     0x00000000000867aa      0x581 Drivers/STM32F4xx_HAL_Driver/Src/stm32f4xx_hal.o
                                      0x85bfa (size before relaxing)
 .debug_str     0x0000000000086d2b      0x326 Drivers/STM32F4xx_HAL_Driver/Src/stm32f4xx_hal_cortex.o
                                      0x85992 (size before relaxing)
 .debug_str     0x0000000000087051      0x1dc Drivers/STM32F4xx_HAL_Driver/Src/stm32f4xx_hal_gpio.o
                                      0x8547f (size before relaxing)
 .debug_str     0x000000000008722d      0x233 Drivers/STM32F4xx_HAL_Driver/Src/stm32f4xx_hal_rcc.o
                                      0x85654 (size before relaxing)
 .debug_str     0x0000000000087460      0xc4c Drivers/STM32F4xx_HAL_Driver/Src/stm32f4xx_hal_tim.o
                                      0x8638d (size before relaxing)
 .debug_str     0x00000000000880ac      0x464 Drivers/STM32F4xx_HAL_Driver/Src/stm32f4xx_hal_tim_ex.o
                                      0x85ba5 (size before relaxing)
 .debug_str     0x0000000000088510      0x519 Drivers/STM32F4xx_HAL_Driver/Src/stm32f4xx_hal_uart.o
                                      0x85af1 (size before relaxing)

.comment        0x0000000000000000       0x7b
 .comment       0x0000000000000000       0x7b Core/Src/main.o
                                         0x7c (size before relaxing)
 .comment       0x000000000000007b       0x7c Core/Src/stepperMotor.o
 .comment       0x000000000000007b       0x7c Core/Src/stm32f4xx_hal_msp.o
 .comment       0x000000000000007b       0x7c Core/Src/stm32f4xx_it.o
 .comment       0x000000000000007b       0x7c Core/Src/system_stm32f4xx.o
 .comment       0x000000000000007b       0x7c Core/Src/uartDriver.o
 .comment       0x000000000000007b       0x7c Drivers/STM32F4xx_HAL_Driver/Src/stm32f4xx_hal.o
 .comment       0x000000000000007b       0x7c Drivers/STM32F4xx_HAL_Driver/Src/stm32f4xx_hal_cortex.o
 .comment       0x000000000000007b       0x7c Drivers/STM32F4xx_HAL_Driver/Src/stm32f4xx_hal_gpio.o
 .comment       0x000000000000007b       0x7c Drivers/STM32F4xx_HAL_Driver/Src/stm32f4xx_hal_rcc.o
 .comment       0x000000000000007b       0x7c Drivers/STM32F4xx_HAL_Driver/Src/stm32f4xx_hal_tim.o
 .comment       0x000000000000007b       0x7c Drivers/STM32F4xx_HAL_Driver/Src/stm32f4xx_hal_tim_ex.o
 .comment       0x000000000000007b       0x7c Drivers/STM32F4xx_HAL_Driver/Src/stm32f4xx_hal_uart.o

.debug_frame    0x0000000000000000     0x1d2c
 .debug_frame   0x0000000000000000       0x9c Core/Src/main.o
 .debug_frame   0x000000000000009c       0x50 Core/Src/stepperMotor.o
 .debug_frame   0x00000000000000ec       0xdc Core/Src/stm32f4xx_hal_msp.o
 .debug_frame   0x00000000000001c8       0xc0 Core/Src/stm32f4xx_it.o
 .debug_frame   0x0000000000000288       0x30 Core/Src/system_stm32f4xx.o
 .debug_frame   0x00000000000002b8       0x84 Core/Src/uartDriver.o
 .debug_frame   0x000000000000033c      0x1f4 Drivers/STM32F4xx_HAL_Driver/Src/stm32f4xx_hal.o
 .debug_frame   0x0000000000000530      0x178 Drivers/STM32F4xx_HAL_Driver/Src/stm32f4xx_hal_cortex.o
 .debug_frame   0x00000000000006a8       0xe0 Drivers/STM32F4xx_HAL_Driver/Src/stm32f4xx_hal_gpio.o
 .debug_frame   0x0000000000000788      0x174 Drivers/STM32F4xx_HAL_Driver/Src/stm32f4xx_hal_rcc.o
 .debug_frame   0x00000000000008fc      0xaec Drivers/STM32F4xx_HAL_Driver/Src/stm32f4xx_hal_tim.o
 .debug_frame   0x00000000000013e8      0x358 Drivers/STM32F4xx_HAL_Driver/Src/stm32f4xx_hal_tim_ex.o
 .debug_frame   0x0000000000001740      0x560 Drivers/STM32F4xx_HAL_Driver/Src/stm32f4xx_hal_uart.o
 .debug_frame   0x0000000000001ca0       0x2c c:/st/stm32cubeide_1.3.0/stm32cubeide/plugins/com.st.stm32cube.ide.mcu.externaltools.gnu-tools-for-stm32.7-2018-q2-update.win32_1.0.0.201904181610/tools/bin/../lib/gcc/arm-none-eabi/7.3.1/../../../../arm-none-eabi/lib/thumb/v7e-m/fpv4-sp/hard\libc_nano.a(lib_a-init.o)
 .debug_frame   0x0000000000001ccc       0x2c c:/st/stm32cubeide_1.3.0/stm32cubeide/plugins/com.st.stm32cube.ide.mcu.externaltools.gnu-tools-for-stm32.7-2018-q2-update.win32_1.0.0.201904181610/tools/bin/../lib/gcc/arm-none-eabi/7.3.1/thumb/v7e-m/fpv4-sp/hard\libgcc.a(_aeabi_uldivmod.o)
 .debug_frame   0x0000000000001cf8       0x34 c:/st/stm32cubeide_1.3.0/stm32cubeide/plugins/com.st.stm32cube.ide.mcu.externaltools.gnu-tools-for-stm32.7-2018-q2-update.win32_1.0.0.201904181610/tools/bin/../lib/gcc/arm-none-eabi/7.3.1/thumb/v7e-m/fpv4-sp/hard\libgcc.a(_udivmoddi4.o)
